python : DEBUG:loaded lazy 
attr 'SafeConfigParser': 
<class 'configparser.ConfigPar
ser'>:C:\Users\mohas\AppData\L
ocal\Programs\Python\Python313
\Lib\site-packages\passlib\uti
ls\compat\__init__.py:__getatt
r__:449
At line:1 char:1
+ python 
test_order_persistence.py > 
test_output.txt 2>&1
+ ~~~~~~~~~~~~~~~~~~~~~~~~~~~~
~~~~~~~~~~~~~~~~~~~~~~~~~~~
    + CategoryInfo          : 
    NotSpecified: (DEBUG:loa  
  ded la...__getattr__:449:   
 String) [], RemoteExcepti    
on
    + FullyQualifiedErrorId : 
    NativeCommandError
 
DEBUG:loaded lazy attr 
'NativeStringIO': <class '_io.
StringIO'>:C:\Users\mohas\AppD
ata\Local\Programs\Python\Pyth
on313\Lib\site-packages\passli
b\utils\compat\__init__.py:__g
etattr__:449
DEBUG:loaded lazy attr 
'BytesIO': <class '_io.BytesIO
'>:C:\Users\mohas\AppData\Loca
l\Programs\Python\Python313\Li
b\site-packages\passlib\utils\
compat\__init__.py:__getattr__
:449
DEBUG:registered 'argon2' 
handler: <class 'passlib.handl
ers.argon2.argon2'>:C:\Users\m
ohas\AppData\Local\Programs\Py
thon\Python313\Lib\site-packag
es\passlib\registry.py:registe
r_crypt_handler:296
INFO:Order 15 created (Items: 
1) by 8d70eace-6c5e-453a-9787-
633ad548dbf0.:C:\Users\mohas\D
esktop\EmiratesCo project\serv
er\core\ordering\orderService.
py:create_order:293
ERROR:Error retrieving order 
15: 1 validation error for 
OrderResponse
items.0
  Input should be a valid 
dictionary or instance of 
OrderItemRequest 
[type=model_type, input_value=
OrderItemResponse(product...e'
: 500.0}, status=None), 
input_type=OrderItemResponse]
    For further information 
visit https://errors.pydantic.
dev/2.11/v/model_type:C:\Users
\mohas\Desktop\EmiratesCo proj
ect\server\core\ordering\order
Service.py:get_order_by_orderI
d:320
Traceback (most recent call 
last):
  File "C:\Users\mohas\Desktop
\EmiratesCo project\server\cor
e\ordering\orderService.py", 
line 316, in 
get_order_by_orderId
    return 
_order_to_response(order)
  File "C:\Users\mohas\Desktop
\EmiratesCo project\server\cor
e\ordering\orderService.py", 
line 34, in _order_to_response
    return 
model.OrderResponse(
           
~~~~~~~~~~~~~~~~~~~^
        orderId=order.orderId,
        ^^^^^^^^^^^^^^^^^^^^^^
    ...<24 lines>...
        ]
        ^
    )
    ^
  File "C:\Users\mohas\AppData
\Local\Programs\Python\Python3
13\Lib\site-packages\pydantic\
main.py", line 253, in 
__init__
    validated_self = self.__py
dantic_validator__.validate_py
thon(data, self_instance=self)
pydantic_core._pydantic_core.V
alidationError: 1 validation 
error for OrderResponse
items.0
  Input should be a valid 
dictionary or instance of 
OrderItemRequest 
[type=model_type, input_value=
OrderItemResponse(product...e'
: 500.0}, status=None), 
input_type=OrderItemResponse]
    For further information 
visit https://errors.pydantic.
dev/2.11/v/model_type
Traceback (most recent call 
last):
  File "C:\Users\mohas\Desktop
\EmiratesCo project\server\cor
e\ordering\orderService.py", 
line 316, in 
get_order_by_orderId
    return 
_order_to_response(order)
  File "C:\Users\mohas\Desktop
\EmiratesCo project\server\cor
e\ordering\orderService.py", 
line 34, in _order_to_response
    return 
model.OrderResponse(
           
~~~~~~~~~~~~~~~~~~~^
        orderId=order.orderId,
        ^^^^^^^^^^^^^^^^^^^^^^
    ...<24 lines>...
        ]
        ^
    )
    ^
  File "C:\Users\mohas\AppData
\Local\Programs\Python\Python3
13\Lib\site-packages\pydantic\
main.py", line 253, in 
__init__
    validated_self = self.__py
dantic_validator__.validate_py
thon(data, self_instance=self)
pydantic_core._pydantic_core.V
alidationError: 1 validation 
error for OrderResponse
items.0
  Input should be a valid 
dictionary or instance of 
OrderItemRequest 
[type=model_type, input_value=
OrderItemResponse(product...e'
: 500.0}, status=None), 
input_type=OrderItemResponse]
    For further information 
visit https://errors.pydantic.
dev/2.11/v/model_type

During handling of the above 
exception, another exception 
occurred:

Traceback (most recent call 
last):
  File "C:\Users\mohas\Desktop
\EmiratesCo project\server\tes
t_order_persistence.py", line 
54, in test_persistence
    fetched = orderService.get
_order_by_orderId(response.ord
erId, db)
  File "C:\Users\mohas\Desktop
\EmiratesCo project\server\cor
e\ordering\orderService.py", 
line 321, in 
get_order_by_orderId
    raise HTTPException(status
_code=500, detail="Internal 
server error")
fastapi.exceptions.HTTPExcepti
on: 500: Internal server error
Using user: timo (8d70eace-6c5e-453a-9787-633ad548dbf0)
Order Created! ID: 15
ERROR: 500: Internal server error
